t=807891570.435203 dock=[] tungsten=[57236, 57237] layers=[3, 3] fullscreenApp=["54444@308,102,603x505"]
t=807891606.989284 dock=[] tungsten=[57236, 57237] layers=[3, 3] fullscreenApp=["57238@0,0,2560x1440"]
t=807891607.508676 dock=[] tungsten=[57236, 57237] layers=[3, 3] fullscreenApp=["54444@0,0,2560x1440", "57239@0,0,2560x68"]
t=807891607.803780 dock=[] tungsten=[] layers=[] fullscreenApp=["54444@0,0,2560x1440", "57239@0,0,2560x68"]
t=807891612.410513 dock=[] tungsten=[] layers=[] fullscreenApp=["57280@0,0,2560x1440"]
t=807891612.806538 dock=[] tungsten=[57236, 57237] layers=[3, 3] fullscreenApp=["57280@0,0,2560x1440"]
t=807891613.060444 dock=[] tungsten=[57236, 57237] layers=[3, 3] fullscreenApp=["54444@308,102,603x505"]
t=807891614.278925 dock=[] tungsten=[57236, 57237] layers=[3, 3] fullscreenApp=["57317@0,0,2560x1440"]
t=807891614.845684 dock=[] tungsten=[57236, 57237] layers=[3, 3] fullscreenApp=["54444@0,0,2560x1440", "57318@0,0,2560x68"]
t=807891615.055883 dock=[] tungsten=[] layers=[] fullscreenApp=["54444@0,0,2560x1440", "57318@0,0,2560x68"]
t=807891615.242359 dock=[] tungsten=[] layers=[] fullscreenApp=["57359@0,0,2560x1440"]
t=807891615.811083 dock=[] tungsten=[] layers=[] fullscreenApp=["54444@308,102,603x505"]
t=807891615.813101 dock=[] tungsten=[57236, 57237] layers=[3, 3] fullscreenApp=["54444@308,102,603x505"]
t=807891616.929729 dock=[] tungsten=[57236, 57237] layers=[3, 3] fullscreenApp=["57396@0,0,2560x1440"]
t=807891617.475195 dock=[] tungsten=[57236, 57237] layers=[3, 3] fullscreenApp=["54444@0,0,2560x1440", "57397@0,0,2560x68"]
t=807891617.722297 dock=[] tungsten=[] layers=[] fullscreenApp=["54444@0,0,2560x1440", "57397@0,0,2560x68"]
t=807891618.208291 dock=[] tungsten=[] layers=[] fullscreenApp=["57438@0,0,2560x1440"]
t=807891618.743836 dock=[] tungsten=[] layers=[] fullscreenApp=["54444@308,102,603x505"]
t=807891618.747606 dock=[] tungsten=[57236, 57237] layers=[3, 3] fullscreenApp=["54444@308,102,603x505"]
t=807891619.174702 dock=[] tungsten=[57236, 57237] layers=[3, 3] fullscreenApp=["57475@0,0,2560x1440"]
t=807891619.711365 dock=[] tungsten=[57236, 57237] layers=[3, 3] fullscreenApp=["54444@0,0,2560x1440", "57476@0,0,2560x68"]
t=807891619.974020 dock=[] tungsten=[] layers=[] fullscreenApp=["54444@0,0,2560x1440", "57476@0,0,2560x68"]
t=807891620.331534 dock=[] tungsten=[] layers=[] fullscreenApp=["57499@0,0,2560x1440"]
t=807891620.882881 dock=[] tungsten=[] layers=[] fullscreenApp=["54444@308,102,603x505"]
t=807891620.899648 dock=[] tungsten=[57236, 57237] layers=[3, 3] fullscreenApp=["54444@308,102,603x505"]
t=807891621.720065 dock=[] tungsten=[57236, 57237] layers=[3, 3] fullscreenApp=["57536@0,0,2560x1440"]
t=807891622.298500 dock=[] tungsten=[57236, 57237] layers=[3, 3] fullscreenApp=["54444@0,0,2560x1440", "57537@0,0,2560x68"]
t=807891622.545413 dock=[] tungsten=[] layers=[] fullscreenApp=["54444@0,0,2560x1440", "57537@0,0,2560x68"]
t=807891622.832776 dock=[] tungsten=[] layers=[] fullscreenApp=["57560@0,0,2560x1440"]
t=807891623.399506 dock=[] tungsten=[] layers=[] fullscreenApp=["54444@308,102,603x505"]
t=807891623.414238 dock=[] tungsten=[57236, 57237] layers=[3, 3] fullscreenApp=["54444@308,102,603x505"]
t=807891623.772872 dock=[] tungsten=[57236, 57237] layers=[3, 3] fullscreenApp=["57597@0,0,2560x1440"]
t=807891624.347573 dock=[] tungsten=[57236, 57237] layers=[3, 3] fullscreenApp=["54444@0,0,2560x1440", "57598@0,0,2560x68"]
t=807891624.592332 dock=[] tungsten=[] layers=[] fullscreenApp=["54444@0,0,2560x1440", "57598@0,0,2560x68"]
t=807891624.697433 dock=[] tungsten=[] layers=[] fullscreenApp=["57621@0,0,2560x1440"]
t=807891625.233945 dock=[] tungsten=[] layers=[] fullscreenApp=["54444@308,102,603x505"]
t=807891625.235330 dock=[] tungsten=[57236, 57237] layers=[3, 3] fullscreenApp=["54444@308,102,603x505"]
t=807891625.602194 dock=[] tungsten=[57236, 57237] layers=[3, 3] fullscreenApp=["57658@0,0,2560x1440"]
t=807891626.147066 dock=[] tungsten=[57236, 57237] layers=[3, 3] fullscreenApp=["54444@0,0,2560x1440", "57659@0,0,2560x68"]
t=807891626.408788 dock=[] tungsten=[] layers=[] fullscreenApp=["54444@0,0,2560x1440", "57659@0,0,2560x68"]
t=807891626.564847 dock=[] tungsten=[] layers=[] fullscreenApp=["57700@0,0,2560x1440"]
t=807891627.096269 dock=[] tungsten=[] layers=[] fullscreenApp=["54444@308,102,603x505"]
t=807891627.117460 dock=[] tungsten=[57236, 57237] layers=[3, 3] fullscreenApp=["54444@308,102,603x505"]
t=807891636.812082 dock=[] tungsten=[57236, 57237, 57738] layers=[3, 3, 3] fullscreenApp=["54444@308,102,603x505"]
t=807891638.575912 dock=[] tungsten=[57236, 57237] layers=[3, 3] fullscreenApp=["54444@308,102,603x505"]
