Filtering the log data using "process == "macos-dock-cc-v2" AND category == "fullscreen-green-probe""
Timestamp               Ty Process[PID:TID]
2026-08-08 23:27:29.240 Df macos-dock-cc-v2[60537:10dd4e6] [com.caye.macosdockcc.v2:fullscreen-green-probe] [fullscreen-green-probe] t=467832.244836 enabled
2026-08-08 23:27:30.622 Df macos-dock-cc-v2[60537:10dd4e6] [com.caye.macosdockcc.v2:fullscreen-green-probe] [fullscreen-green-probe] t=467833.626810 mouse-down point=(1422.6,1929.6) flipped=(1422.6,-489.6) flags=0x0 under=0 verdict=no-cache
2026-08-08 23:27:31.374 Df macos-dock-cc-v2[60537:10dd4e6] [com.caye.macosdockcc.v2:fullscreen-green-probe] [fullscreen-green-probe] t=467834.378674 mouse-down point=(1177.7,2012.5) flipped=(1177.7,-572.5) flags=0x0 under=0 verdict=no-cache
2026-08-08 23:27:32.576 Df macos-dock-cc-v2[60537:10dd4e6] [com.caye.macosdockcc.v2:fullscreen-green-probe] [fullscreen-green-probe] t=467835.580956 mouse-down point=(1408.5,1932.3) flipped=(1408.5,-492.3) flags=0x0 under=0 verdict=no-cache
2026-08-08 23:27:34.848 Df macos-dock-cc-v2[60537:10dd4e6] [com.caye.macosdockcc.v2:fullscreen-green-probe] [fullscreen-green-probe] t=467837.852470 cache-ready pid=81876 wid=54444 button=(362.0,110.0,16.0,16.0) window=(308.0,102.0,603.0,505.0)
2026-08-08 23:27:35.432 Df macos-dock-cc-v2[60537:10dd4e6] [com.caye.macosdockcc.v2:fullscreen-green-probe] [fullscreen-green-probe] t=467838.436569 mouse-down point=(1398.4,1930.9) flipped=(1398.4,-490.9) flags=0x0 under=0 cachedWid=54444 button=(362.0,110.0,16.0,16.0) age=0.089 active=1 exact=0 flippedHit=0 expanded=0 windowMatch=0 verdict=outside-button
2026-08-08 23:27:36.410 Df macos-dock-cc-v2[60537:10dd4e6] [com.caye.macosdockcc.v2:fullscreen-green-probe] [fullscreen-green-probe] t=467839.415160 mouse-down point=(1384.0,1929.3) flipped=(1384.0,-489.3) flags=0x0 under=0 verdict=no-cache
2026-08-08 23:27:39.249 Df macos-dock-cc-v2[60537:10dd4e6] [com.caye.macosdockcc.v2:fullscreen-green-probe] [fullscreen-green-probe] t=467842.253706 mouse-down point=(1345.7,1825.8) flipped=(1345.7,-385.8) flags=0x0 under=0 verdict=no-cache
2026-08-08 23:27:40.055 Df macos-dock-cc-v2[60537:10dd4e6] [com.caye.macosdockcc.v2:fullscreen-green-probe] [fullscreen-green-probe] t=467843.059942 mouse-down point=(1548.1,1906.9) flipped=(1548.1,-466.9) flags=0x0 under=0 verdict=no-cache
2026-08-08 23:28:05.981 Df macos-dock-cc-v2[60537:10dd4e6] [com.caye.macosdockcc.v2:fullscreen-green-probe] [fullscreen-green-probe] t=467868.985339 mouse-down point=(1215.9,2118.0) flipped=(1215.9,-678.0) flags=0x0 under=0 verdict=no-cache
2026-08-08 23:28:07.934 Df macos-dock-cc-v2[60537:10dd4e6] [com.caye.macosdockcc.v2:fullscreen-green-probe] [fullscreen-green-probe] t=467870.938510 mouse-down point=(1095.7,1837.6) flipped=(1095.7,-397.6) flags=0x0 under=0 verdict=no-cache
2026-08-08 23:28:09.639 Df macos-dock-cc-v2[60537:10dd4e6] [com.caye.macosdockcc.v2:fullscreen-green-probe] [fullscreen-green-probe] t=467872.643725 mouse-down point=(1536.4,1956.2) flipped=(1536.4,-516.2) flags=0x0 under=0 verdict=no-cache
2026-08-08 23:28:10.435 Df macos-dock-cc-v2[60537:10dd4e6] [com.caye.macosdockcc.v2:fullscreen-green-probe] [fullscreen-green-probe] t=467873.439623 mouse-down point=(1160.2,1825.5) flipped=(1160.2,-385.5) flags=0x0 under=0 verdict=no-cache
2026-08-08 23:28:11.750 Df macos-dock-cc-v2[60537:10dd4e6] [com.caye.macosdockcc.v2:fullscreen-green-probe] [fullscreen-green-probe] t=467874.754803 mouse-down point=(1546.8,1937.4) flipped=(1546.8,-497.4) flags=0x0 under=0 verdict=no-cache
2026-08-08 23:28:13.254 Df macos-dock-cc-v2[60537:10dd4e6] [com.caye.macosdockcc.v2:fullscreen-green-probe] [fullscreen-green-probe] t=467876.258833 mouse-down point=(1389.7,1918.8) flipped=(1389.7,-478.8) flags=0x0 under=0 verdict=no-cache
2026-08-08 23:28:14.244 Df macos-dock-cc-v2[60537:10dd4e6] [com.caye.macosdockcc.v2:fullscreen-green-probe] [fullscreen-green-probe] t=467877.249068 mouse-down point=(1529.3,1944.4) flipped=(1529.3,-504.4) flags=0x0 under=0 verdict=no-cache
2026-08-08 23:28:15.902 Df macos-dock-cc-v2[60537:10dd4e6] [com.caye.macosdockcc.v2:fullscreen-green-probe] [fullscreen-green-probe] t=467878.906541 mouse-down point=(1574.7,1935.9) flipped=(1574.7,-495.9) flags=0x0 under=0 verdict=no-cache
2026-08-08 23:28:18.103 Df macos-dock-cc-v2[60537:10dd4e6] [com.caye.macosdockcc.v2:fullscreen-green-probe] [fullscreen-green-probe] t=467881.107760 mouse-down point=(1708.9,1962.8) flipped=(1708.9,-522.8) flags=0x0 under=0 verdict=no-cache
2026-08-08 23:28:19.988 Df macos-dock-cc-v2[60537:10dd4e6] [com.caye.macosdockcc.v2:fullscreen-green-probe] [fullscreen-green-probe] t=467882.993128 mouse-down point=(1355.2,1940.8) flipped=(1355.2,-500.8) flags=0x0 under=0 verdict=no-cache
2026-08-08 23:28:20.984 Df macos-dock-cc-v2[60537:10dd4e6] [com.caye.macosdockcc.v2:fullscreen-green-probe] [fullscreen-green-probe] t=467883.989178 mouse-down point=(1466.7,1943.1) flipped=(1466.7,-503.1) flags=0x0 under=0 verdict=no-cache
2026-08-08 23:28:21.622 Df macos-dock-cc-v2[60537:10dd4e6] [com.caye.macosdockcc.v2:fullscreen-green-probe] [fullscreen-green-probe] t=467884.626586 mouse-down point=(1255.6,1946.9) flipped=(1255.6,-506.9) flags=0x0 under=0 verdict=no-cache
2026-08-08 23:28:22.569 Df macos-dock-cc-v2[60537:10dd4e6] [com.caye.macosdockcc.v2:fullscreen-green-probe] [fullscreen-green-probe] t=467885.573578 mouse-down point=(1540.4,1951.2) flipped=(1540.4,-511.2) flags=0x0 under=0 verdict=no-cache
2026-08-08 23:28:26.503 Df macos-dock-cc-v2[60537:10dd4e6] [com.caye.macosdockcc.v2:fullscreen-green-probe] [fullscreen-green-probe] t=467889.507657 mouse-down point=(1540.1,2066.7) flipped=(1540.1,-626.7) flags=0x0 under=0 verdict=no-cache
2026-08-08 23:28:29.358 Df macos-dock-cc-v2[60537:10dd4e6] [com.caye.macosdockcc.v2:fullscreen-green-probe] [fullscreen-green-probe] t=467892.362669 mouse-down point=(1499.4,2123.5) flipped=(1499.4,-683.5) flags=0x0 under=0 verdict=no-cache
2026-08-08 23:28:32.773 Df macos-dock-cc-v2[60537:10dd4e6] [com.caye.macosdockcc.v2:fullscreen-green-probe] [fullscreen-green-probe] t=467895.777664 mouse-down point=(1390.7,1883.8) flipped=(1390.7,-443.8) flags=0x0 under=0 verdict=no-cache
2026-08-08 23:28:35.472 Df macos-dock-cc-v2[60537:10dd4e6] [com.caye.macosdockcc.v2:fullscreen-green-probe] [fullscreen-green-probe] t=467898.476701 mouse-down point=(1751.8,1903.8) flipped=(1751.8,-463.8) flags=0x0 under=0 verdict=no-cache
2026-08-08 23:28:36.710 Df macos-dock-cc-v2[60537:10dd4e6] [com.caye.macosdockcc.v2:fullscreen-green-probe] [fullscreen-green-probe] t=467899.714717 mouse-down point=(1189.0,1893.9) flipped=(1189.0,-453.9) flags=0x0 under=0 verdict=no-cache
2026-08-08 23:28:37.806 Df macos-dock-cc-v2[60537:10dd4e6] [com.caye.macosdockcc.v2:fullscreen-green-probe] [fullscreen-green-probe] t=467900.810381 mouse-down point=(1525.2,1889.5) flipped=(1525.2,-449.5) flags=0x0 under=0 verdict=no-cache
2026-08-08 23:28:39.989 Df macos-dock-cc-v2[60537:10dd4e6] [com.caye.macosdockcc.v2:fullscreen-green-probe] [fullscreen-green-probe] t=467902.994285 mouse-down point=(1270.3,1879.4) flipped=(1270.3,-439.4) flags=0x0 under=0 verdict=no-cache
2026-08-08 23:28:41.046 Df macos-dock-cc-v2[60537:10dd4e6] [com.caye.macosdockcc.v2:fullscreen-green-probe] [fullscreen-green-probe] t=467904.050541 mouse-down point=(1852.8,1901.5) flipped=(1852.8,-461.5) flags=0x0 under=0 verdict=no-cache
2026-08-08 23:28:44.041 Df macos-dock-cc-v2[60537:10dd4e6] [com.caye.macosdockcc.v2:fullscreen-green-probe] [fullscreen-green-probe] t=467907.045625 mouse-down point=(1252.4,1892.6) flipped=(1252.4,-452.6) flags=0x0 under=0 verdict=no-cache
2026-08-08 23:28:45.126 Df macos-dock-cc-v2[60537:10dd4e6] [com.caye.macosdockcc.v2:fullscreen-green-probe] [fullscreen-green-probe] t=467908.130927 mouse-down point=(1665.7,1933.9) flipped=(1665.7,-493.9) flags=0x0 under=0 verdict=no-cache
2026-08-08 23:28:45.744 Df macos-dock-cc-v2[60537:10dd4e6] [com.caye.macosdockcc.v2:fullscreen-green-probe] [fullscreen-green-probe] t=467908.748416 mouse-down point=(1343.3,1870.0) flipped=(1343.3,-430.0) flags=0x0 under=0 verdict=no-cache
2026-08-08 23:28:46.592 Df macos-dock-cc-v2[60537:10dd4e6] [com.caye.macosdockcc.v2:fullscreen-green-probe] [fullscreen-green-probe] t=467909.596438 mouse-down point=(1518.5,1916.1) flipped=(1518.5,-476.1) flags=0x0 under=0 verdict=no-cache
2026-08-08 23:28:47.414 Df macos-dock-cc-v2[60537:10dd4e6] [com.caye.macosdockcc.v2:fullscreen-green-probe] [fullscreen-green-probe] t=467910.418528 mouse-down point=(1170.3,1891.6) flipped=(1170.3,-451.6) flags=0x0 under=0 verdict=no-cache
2026-08-08 23:28:48.382 Df macos-dock-cc-v2[60537:10dd4e6] [com.caye.macosdockcc.v2:fullscreen-green-probe] [fullscreen-green-probe] t=467911.386535 mouse-down point=(1472.0,1950.0) flipped=(1472.0,-510.0) flags=0x0 under=0 verdict=no-cache
2026-08-08 23:28:51.711 Df macos-dock-cc-v2[60537:10dd4e6] [com.caye.macosdockcc.v2:fullscreen-green-probe] [fullscreen-green-probe] t=467914.716073 mouse-down point=(1254.1,2007.1) flipped=(1254.1,-567.1) flags=0x0 under=0 verdict=no-cache
2026-08-08 23:28:52.566 Df macos-dock-cc-v2[60537:10dd4e6] [com.caye.macosdockcc.v2:fullscreen-green-probe] [fullscreen-green-probe] t=467915.570617 mouse-down point=(1492.1,2006.0) flipped=(1492.1,-566.0) flags=0x0 under=0 verdict=no-cache
2026-08-08 23:28:53.696 Df macos-dock-cc-v2[60537:10dd4e6] [com.caye.macosdockcc.v2:fullscreen-green-probe] [fullscreen-green-probe] t=467916.701296 mouse-down point=(1168.0,2006.0) flipped=(1168.0,-566.0) flags=0x0 under=0 verdict=no-cache
2026-08-08 23:28:54.797 Df macos-dock-cc-v2[60537:10dd4e6] [com.caye.macosdockcc.v2:fullscreen-green-probe] [fullscreen-green-probe] t=467917.801763 mouse-down point=(1468.6,1990.1) flipped=(1468.6,-550.1) flags=0x0 under=0 verdict=no-cache
2026-08-08 23:28:56.664 Df macos-dock-cc-v2[60537:10dd4e6] [com.caye.macosdockcc.v2:fullscreen-green-probe] [fullscreen-green-probe] t=467919.669170 mouse-down point=(1268.5,1916.6) flipped=(1268.5,-476.6) flags=0x0 under=0 verdict=no-cache
2026-08-08 23:28:57.665 Df macos-dock-cc-v2[60537:10dd4e6] [com.caye.macosdockcc.v2:fullscreen-green-probe] [fullscreen-green-probe] t=467920.670106 mouse-down point=(1584.6,1957.8) flipped=(1584.6,-517.8) flags=0x0 under=0 verdict=no-cache
2026-08-08 23:29:00.738 Df macos-dock-cc-v2[60537:10dd4e6] [com.caye.macosdockcc.v2:fullscreen-green-probe] [fullscreen-green-probe] t=467923.742591 mouse-down point=(1067.2,1945.7) flipped=(1067.2,-505.7) flags=0x0 under=0 verdict=no-cache
2026-08-08 23:29:01.811 Df macos-dock-cc-v2[60537:10dd4e6] [com.caye.macosdockcc.v2:fullscreen-green-probe] [fullscreen-green-probe] t=467924.816085 mouse-down point=(1638.7,1968.5) flipped=(1638.7,-528.5) flags=0x0 under=0 verdict=no-cache
2026-08-08 23:29:03.234 Df macos-dock-cc-v2[60537:10dd4e6] [com.caye.macosdockcc.v2:fullscreen-green-probe] [fullscreen-green-probe] t=467926.238783 mouse-down point=(1098.7,2026.1) flipped=(1098.7,-586.1) flags=0x0 under=0 verdict=no-cache
2026-08-08 23:29:04.114 Df macos-dock-cc-v2[60537:10dd4e6] [com.caye.macosdockcc.v2:fullscreen-green-probe] [fullscreen-green-probe] t=467927.118536 mouse-down point=(1650.4,2004.4) flipped=(1650.4,-564.4) flags=0x0 under=0 verdict=no-cache
2026-08-08 23:29:05.534 Df macos-dock-cc-v2[60537:10dd4e6] [com.caye.macosdockcc.v2:fullscreen-green-probe] [fullscreen-green-probe] t=467928.538425 mouse-down point=(1477.6,1968.2) flipped=(1477.6,-528.2) flags=0x0 under=0 verdict=no-cache
2026-08-08 23:29:06.482 Df macos-dock-cc-v2[60537:10dd4e6] [com.caye.macosdockcc.v2:fullscreen-green-probe] [fullscreen-green-probe] t=467929.487048 mouse-down point=(1648.1,1974.8) flipped=(1648.1,-534.8) flags=0x0 under=0 verdict=no-cache
2026-08-08 23:29:08.238 Df macos-dock-cc-v2[60537:10dd4e6] [com.caye.macosdockcc.v2:fullscreen-green-probe] [fullscreen-green-probe] t=467931.242429 mouse-down point=(1580.4,1877.4) flipped=(1580.4,-437.4) flags=0x0 under=0 verdict=no-cache
2026-08-08 23:29:09.257 Df macos-dock-cc-v2[60537:10dd4e6] [com.caye.macosdockcc.v2:fullscreen-green-probe] [fullscreen-green-probe] t=467932.262176 mouse-down point=(1570.1,1930.0) flipped=(1570.1,-490.0) flags=0x0 under=0 verdict=no-cache
2026-08-08 23:29:10.718 Df macos-dock-cc-v2[60537:10dd4e6] [com.caye.macosdockcc.v2:fullscreen-green-probe] [fullscreen-green-probe] t=467933.722576 mouse-down point=(1089.7,1937.6) flipped=(1089.7,-497.6) flags=0x0 under=0 verdict=no-cache
2026-08-08 23:29:11.800 Df macos-dock-cc-v2[60537:10dd4e6] [com.caye.macosdockcc.v2:fullscreen-green-probe] [fullscreen-green-probe] t=467934.804797 mouse-down point=(2011.9,1983.1) flipped=(2011.9,-543.1) flags=0x0 under=0 verdict=no-cache
2026-08-08 23:29:12.670 Df macos-dock-cc-v2[60537:10dd4e6] [com.caye.macosdockcc.v2:fullscreen-green-probe] [fullscreen-green-probe] t=467935.674963 mouse-down point=(1703.9,1969.1) flipped=(1703.9,-529.1) flags=0x0 under=0 verdict=no-cache
2026-08-08 23:29:16.435 Df macos-dock-cc-v2[60537:10dd4e6] [com.caye.macosdockcc.v2:fullscreen-green-probe] [fullscreen-green-probe] t=467939.439560 mouse-down point=(625.8,1679.2) flipped=(625.8,-239.2) flags=0x0 under=0 verdict=no-cache
2026-08-08 23:29:20.942 Df macos-dock-cc-v2[60537:10dd4e6] [com.caye.macosdockcc.v2:fullscreen-green-probe] [fullscreen-green-probe] t=467943.946665 mouse-down point=(1278.3,1050.0) flipped=(1278.3,390.0) flags=0x0 under=0 verdict=no-cache
2026-08-08 23:29:22.304 Df macos-dock-cc-v2[60537:10dd4e6] [com.caye.macosdockcc.v2:fullscreen-green-probe] [fullscreen-green-probe] t=467945.308336 mouse-down point=(388.4,427.4) flipped=(388.4,1012.6) flags=0x0 under=0 verdict=no-cache
2026-08-08 23:29:22.372 Df macos-dock-cc-v2[60537:10dd4e6] [com.caye.macosdockcc.v2:fullscreen-green-probe] [fullscreen-green-probe] t=467945.376464 cache-ready pid=81876 wid=54444 button=(362.0,110.0,16.0,16.0) window=(308.0,102.0,603.0,505.0)
2026-08-08 23:29:24.384 Df macos-dock-cc-v2[60537:10dd4e6] [com.caye.macosdockcc.v2:fullscreen-green-probe] [fullscreen-green-probe] t=467947.389296 cache-ready pid=81876 wid=54444 button=(54.0,-24.0,16.0,16.0) window=(0.0,0.0,2560.0,1440.0)
2026-08-08 23:29:24.496 Df macos-dock-cc-v2[60537:10dd4e6] [com.caye.macosdockcc.v2:fullscreen-green-probe] [fullscreen-green-probe] t=467947.500409 cache-ready pid=81876 wid=54444 button=(54.0,38.0,16.0,16.0) window=(0.0,0.0,2560.0,1440.0)
2026-08-08 23:29:24.542 Df macos-dock-cc-v2[60537:10dd4e6] [com.caye.macosdockcc.v2:fullscreen-green-probe] [fullscreen-green-probe] t=467947.546735 cache-ready pid=81876 wid=54444 button=(54.0,26.0,16.0,16.0) window=(0.0,0.0,2560.0,1440.0)
2026-08-08 23:29:24.696 Df macos-dock-cc-v2[60537:10dd4e6] [com.caye.macosdockcc.v2:fullscreen-green-probe] [fullscreen-green-probe] t=467947.701100 cache-ready pid=81876 wid=54444 button=(54.0,9.0,16.0,16.0) window=(0.0,0.0,2560.0,1440.0)
2026-08-08 23:29:24.741 Df macos-dock-cc-v2[60537:10dd4e6] [com.caye.macosdockcc.v2:fullscreen-green-probe] [fullscreen-green-probe] t=467947.746184 cache-ready pid=81876 wid=54444 button=(54.0,1.0,16.0,16.0) window=(0.0,0.0,2560.0,1440.0)
2026-08-08 23:29:24.842 Df macos-dock-cc-v2[60537:10dd4e6] [com.caye.macosdockcc.v2:fullscreen-green-probe] [fullscreen-green-probe] t=467947.846860 cache-ready pid=81876 wid=54444 button=(54.0,-12.0,16.0,16.0) window=(0.0,0.0,2560.0,1440.0)
2026-08-08 23:29:24.979 Df macos-dock-cc-v2[60537:10dd4e6] [com.caye.macosdockcc.v2:fullscreen-green-probe] [fullscreen-green-probe] t=467947.983668 cache-ready pid=81876 wid=54444 button=(54.0,-24.0,16.0,16.0) window=(0.0,0.0,2560.0,1440.0)
2026-08-08 23:29:25.627 Df macos-dock-cc-v2[60537:10dd4e6] [com.caye.macosdockcc.v2:fullscreen-green-probe] [fullscreen-green-probe] t=467948.631868 cache-ready pid=81876 wid=54444 button=(362.0,110.0,16.0,16.0) window=(308.0,102.0,603.0,505.0)
2026-08-08 23:29:26.790 Df macos-dock-cc-v2[60537:10dd4e6] [com.caye.macosdockcc.v2:fullscreen-green-probe] [fullscreen-green-probe] t=467949.795034 mouse-down point=(371.7,119.1) flipped=(371.7,1320.9) flags=0x0 under=0 cachedWid=54444 button=(362.0,110.0,16.0,16.0) age=0.047 active=1 exact=1 flippedHit=0 expanded=1 windowMatch=0 verdict=window-id-mismatch
2026-08-08 23:29:27.042 Df macos-dock-cc-v2[60537:10dd4e6] [com.caye.macosdockcc.v2:fullscreen-green-probe] [fullscreen-green-probe] t=467950.046741 cache-ready pid=81876 wid=54444 button=(54.0,-24.0,16.0,16.0) window=(0.0,0.0,2560.0,1440.0)
2026-08-08 23:29:28.441 Df macos-dock-cc-v2[60537:10dd4e6] [com.caye.macosdockcc.v2:fullscreen-green-probe] [fullscreen-green-probe] t=467951.445974 cache-ready pid=81876 wid=54444 button=(362.0,110.0,16.0,16.0) window=(308.0,102.0,603.0,505.0)
2026-08-08 23:29:29.390 Df macos-dock-cc-v2[60537:10dd4e6] [com.caye.macosdockcc.v2:fullscreen-green-probe] [fullscreen-green-probe] t=467952.395167 mouse-down point=(367.7,116.0) flipped=(367.7,1324.0) flags=0x0 under=0 cachedWid=54444 button=(362.0,110.0,16.0,16.0) age=0.048 active=1 exact=1 flippedHit=0 expanded=1 windowMatch=0 verdict=window-id-mismatch
2026-08-08 23:29:29.629 Df macos-dock-cc-v2[60537:10dd4e6] [com.caye.macosdockcc.v2:fullscreen-green-probe] [fullscreen-green-probe] t=467952.633673 cache-ready pid=81876 wid=54444 button=(54.0,-24.0,16.0,16.0) window=(0.0,0.0,2560.0,1440.0)
2026-08-08 23:29:30.692 Df macos-dock-cc-v2[60537:10dd4e6] [com.caye.macosdockcc.v2:fullscreen-green-probe] [fullscreen-green-probe] t=467953.696882 cache-ready pid=81876 wid=54444 button=(362.0,110.0,16.0,16.0) window=(308.0,102.0,603.0,505.0)
2026-08-08 23:29:31.390 Df macos-dock-cc-v2[60537:10dd4e6] [com.caye.macosdockcc.v2:fullscreen-green-probe] [fullscreen-green-probe] t=467954.394333 mouse-down point=(367.7,116.0) flipped=(367.7,1324.0) flags=0x0 under=0 cachedWid=54444 button=(362.0,110.0,16.0,16.0) age=0.047 active=1 exact=1 flippedHit=0 expanded=1 windowMatch=0 verdict=window-id-mismatch
2026-08-08 23:29:31.612 Df macos-dock-cc-v2[60537:10dd4e6] [com.caye.macosdockcc.v2:fullscreen-green-probe] [fullscreen-green-probe] t=467954.617076 cache-ready pid=81876 wid=54444 button=(54.0,-24.0,16.0,16.0) window=(0.0,0.0,2560.0,1440.0)
2026-08-08 23:29:32.800 Df macos-dock-cc-v2[60537:10dd4e6] [com.caye.macosdockcc.v2:fullscreen-green-probe] [fullscreen-green-probe] t=467955.804632 cache-ready pid=81876 wid=54444 button=(362.0,110.0,16.0,16.0) window=(308.0,102.0,603.0,505.0)
2026-08-08 23:29:34.438 Df macos-dock-cc-v2[60537:10dd4e6] [com.caye.macosdockcc.v2:fullscreen-green-probe] [fullscreen-green-probe] t=467957.442886 mouse-down point=(1233.5,1296.4) flipped=(1233.5,143.6) flags=0x0 under=0 cachedWid=54444 button=(362.0,110.0,16.0,16.0) age=0.095 active=1 exact=0 flippedHit=0 expanded=0 windowMatch=0 verdict=outside-button
2026-08-08 23:29:34.910 Df macos-dock-cc-v2[60537:10dd4e6] [com.caye.macosdockcc.v2:fullscreen-green-probe] [fullscreen-green-probe] t=467957.914731 mouse-down point=(1229.2,1290.4) flipped=(1229.2,149.6) flags=0x0 under=0 verdict=no-cache
