Filtering the log data using "process == "macos-dock-cc-v2" AND category == "fullscreen-green-probe""
Timestamp               Ty Process[PID:TID]
2026-08-08 23:35:06.073 Df macos-dock-cc-v2[64935:10e2850] [com.caye.macosdockcc.v2:fullscreen-green-probe] [fullscreen-green-probe] t=468289.077823 enabled
2026-08-08 23:35:07.039 Df macos-dock-cc-v2[64935:10e2850] [com.caye.macosdockcc.v2:fullscreen-green-probe] [fullscreen-green-probe] t=468290.044290 mouse-down point=(1551.8,2083.9) flipped=(1551.8,-643.9) flags=0x0 under=0 verdict=no-cache
2026-08-08 23:35:09.158 Df macos-dock-cc-v2[64935:10e2850] [com.caye.macosdockcc.v2:fullscreen-green-probe] [fullscreen-green-probe] t=468292.162543 mouse-down point=(622.0,1679.3) flipped=(622.0,-239.3) flags=0x0 under=0 verdict=no-cache
2026-08-08 23:35:13.780 Df macos-dock-cc-v2[64935:10e2850] [com.caye.macosdockcc.v2:fullscreen-green-probe] [fullscreen-green-probe] t=468296.784846 mouse-down point=(1342.1,1076.6) flipped=(1342.1,363.4) flags=0x0 under=0 verdict=no-cache
2026-08-08 23:35:21.416 Df macos-dock-cc-v2[64935:10e2850] [com.caye.macosdockcc.v2:fullscreen-green-probe] [fullscreen-green-probe] t=468304.420842 cache-ready pid=81876 wid=54444 button=(362.0,110.0,16.0,16.0) window=(308.0,102.0,603.0,505.0)
2026-08-08 23:36:14.414 Df macos-dock-cc-v2[64935:10e2850] [com.caye.macosdockcc.v2:fullscreen-green-probe] [fullscreen-green-probe] t=468357.418814 mouse-down point=(366.8,119.2) flipped=(366.8,1320.8) flags=0x0 under=0 cachedWid=54444 button=(362.0,110.0,16.0,16.0) age=0.039 active=1 fullscreen=0 exact=1 flippedHit=0 expanded=1 windowMatch=0 screenMatch=1 verdict=accepted
2026-08-08 23:36:14.414 Df macos-dock-cc-v2[64935:10e2850] [com.caye.macosdockcc.v2:fullscreen-green-probe] [fullscreen-green-probe] t=468357.418892 pending generation=1 pid=81876
2026-08-08 23:36:14.415 Df macos-dock-cc-v2[64935:10e2850] [com.caye.macosdockcc.v2:fullscreen-green-probe] [fullscreen-green-probe] t=468357.419725 order-out-complete generation=1
2026-08-08 23:36:14.763 Df macos-dock-cc-v2[64935:10e2850] [com.caye.macosdockcc.v2:fullscreen-green-probe] [fullscreen-green-probe] t=468357.767891 cache-ready pid=81876 wid=54444 button=(54.0,-24.0,16.0,16.0) window=(0.0,0.0,2560.0,1440.0)
2026-08-08 23:36:15.135 Df macos-dock-cc-v2[64935:10e2850] [com.caye.macosdockcc.v2:fullscreen-green-probe] [fullscreen-green-probe] t=468358.139497 space-notification
2026-08-08 23:36:15.145 Df macos-dock-cc-v2[64935:10e2850] [com.caye.macosdockcc.v2:fullscreen-green-probe] [fullscreen-green-probe] t=468358.149555 confirmed source=space-cg generation=1
2026-08-08 23:36:17.632 Df macos-dock-cc-v2[64935:10e2850] [com.caye.macosdockcc.v2:fullscreen-green-probe] [fullscreen-green-probe] t=468360.636574 cache-ready pid=81876 wid=54444 button=(362.0,110.0,16.0,16.0) window=(308.0,102.0,603.0,505.0)
2026-08-08 23:36:18.121 Df macos-dock-cc-v2[64935:10e2850] [com.caye.macosdockcc.v2:fullscreen-green-probe] [fullscreen-green-probe] t=468361.125402 space-notification
2026-08-08 23:36:18.849 Df macos-dock-cc-v2[64935:10e2850] [com.caye.macosdockcc.v2:fullscreen-green-probe] [fullscreen-green-probe] t=468361.853596 mouse-down point=(366.3,120.6) flipped=(366.3,1319.4) flags=0x0 under=0 cachedWid=54444 button=(362.0,110.0,16.0,16.0) age=0.073 active=1 fullscreen=0 exact=1 flippedHit=0 expanded=1 windowMatch=0 screenMatch=1 verdict=accepted
2026-08-08 23:36:18.849 Df macos-dock-cc-v2[64935:10e2850] [com.caye.macosdockcc.v2:fullscreen-green-probe] [fullscreen-green-probe] t=468361.853657 pending generation=2 pid=81876
2026-08-08 23:36:18.850 Df macos-dock-cc-v2[64935:10e2850] [com.caye.macosdockcc.v2:fullscreen-green-probe] [fullscreen-green-probe] t=468361.854803 order-out-complete generation=2
2026-08-08 23:36:19.146 Df macos-dock-cc-v2[64935:10e2850] [com.caye.macosdockcc.v2:fullscreen-green-probe] [fullscreen-green-probe] t=468362.151038 cache-ready pid=81876 wid=54444 button=(54.0,-24.0,16.0,16.0) window=(0.0,0.0,2560.0,1440.0)
2026-08-08 23:36:19.604 Df macos-dock-cc-v2[64935:10e2850] [com.caye.macosdockcc.v2:fullscreen-green-probe] [fullscreen-green-probe] t=468362.608585 space-notification
2026-08-08 23:36:19.613 Df macos-dock-cc-v2[64935:10e2850] [com.caye.macosdockcc.v2:fullscreen-green-probe] [fullscreen-green-probe] t=468362.617458 confirmed source=space-cg generation=2
2026-08-08 23:36:20.469 Df macos-dock-cc-v2[64935:10e2850] [com.caye.macosdockcc.v2:fullscreen-green-probe] [fullscreen-green-probe] t=468363.473837 cache-ready pid=81876 wid=54444 button=(362.0,110.0,16.0,16.0) window=(308.0,102.0,603.0,505.0)
2026-08-08 23:36:20.951 Df macos-dock-cc-v2[64935:10e2850] [com.caye.macosdockcc.v2:fullscreen-green-probe] [fullscreen-green-probe] t=468363.956168 space-notification
2026-08-08 23:36:21.214 Df macos-dock-cc-v2[64935:10e2850] [com.caye.macosdockcc.v2:fullscreen-green-probe] [fullscreen-green-probe] t=468364.218637 mouse-down point=(367.0,119.9) flipped=(367.0,1320.1) flags=0x0 under=0 cachedWid=54444 button=(362.0,110.0,16.0,16.0) age=0.038 active=1 fullscreen=0 exact=1 flippedHit=0 expanded=1 windowMatch=0 screenMatch=1 verdict=accepted
2026-08-08 23:36:21.214 Df macos-dock-cc-v2[64935:10e2850] [com.caye.macosdockcc.v2:fullscreen-green-probe] [fullscreen-green-probe] t=468364.218675 pending generation=3 pid=81876
2026-08-08 23:36:21.215 Df macos-dock-cc-v2[64935:10e2850] [com.caye.macosdockcc.v2:fullscreen-green-probe] [fullscreen-green-probe] t=468364.219511 order-out-complete generation=3
2026-08-08 23:36:21.443 Df macos-dock-cc-v2[64935:10e2850] [com.caye.macosdockcc.v2:fullscreen-green-probe] [fullscreen-green-probe] t=468364.448136 cache-ready pid=81876 wid=54444 button=(54.0,-24.0,16.0,16.0) window=(0.0,0.0,2560.0,1440.0)
2026-08-08 23:36:21.955 Df macos-dock-cc-v2[64935:10e2850] [com.caye.macosdockcc.v2:fullscreen-green-probe] [fullscreen-green-probe] t=468364.959880 space-notification
2026-08-08 23:36:21.963 Df macos-dock-cc-v2[64935:10e2850] [com.caye.macosdockcc.v2:fullscreen-green-probe] [fullscreen-green-probe] t=468364.968158 confirmed source=space-cg generation=3
2026-08-08 23:36:22.786 Df macos-dock-cc-v2[64935:10e2850] [com.caye.macosdockcc.v2:fullscreen-green-probe] [fullscreen-green-probe] t=468365.790385 cache-ready pid=81876 wid=54444 button=(362.0,110.0,16.0,16.0) window=(308.0,102.0,603.0,505.0)
2026-08-08 23:36:23.279 Df macos-dock-cc-v2[64935:10e2850] [com.caye.macosdockcc.v2:fullscreen-green-probe] [fullscreen-green-probe] t=468366.283472 space-notification
2026-08-08 23:36:24.016 Df macos-dock-cc-v2[64935:10e2850] [com.caye.macosdockcc.v2:fullscreen-green-probe] [fullscreen-green-probe] t=468367.020538 mouse-down point=(367.0,119.9) flipped=(367.0,1320.1) flags=0x0 under=0 cachedWid=54444 button=(362.0,110.0,16.0,16.0) age=0.040 active=1 fullscreen=0 exact=1 flippedHit=0 expanded=1 windowMatch=0 screenMatch=1 verdict=accepted
2026-08-08 23:36:24.016 Df macos-dock-cc-v2[64935:10e2850] [com.caye.macosdockcc.v2:fullscreen-green-probe] [fullscreen-green-probe] t=468367.020583 pending generation=4 pid=81876
2026-08-08 23:36:24.017 Df macos-dock-cc-v2[64935:10e2850] [com.caye.macosdockcc.v2:fullscreen-green-probe] [fullscreen-green-probe] t=468367.022287 order-out-complete generation=4
2026-08-08 23:36:24.329 Df macos-dock-cc-v2[64935:10e2850] [com.caye.macosdockcc.v2:fullscreen-green-probe] [fullscreen-green-probe] t=468367.333530 cache-ready pid=81876 wid=54444 button=(54.0,-24.0,16.0,16.0) window=(0.0,0.0,2560.0,1440.0)
2026-08-08 23:36:24.778 Df macos-dock-cc-v2[64935:10e2850] [com.caye.macosdockcc.v2:fullscreen-green-probe] [fullscreen-green-probe] t=468367.782938 space-notification
2026-08-08 23:36:24.789 Df macos-dock-cc-v2[64935:10e2850] [com.caye.macosdockcc.v2:fullscreen-green-probe] [fullscreen-green-probe] t=468367.794033 confirmed source=space-cg generation=4
2026-08-08 23:36:25.822 Df macos-dock-cc-v2[64935:10e2850] [com.caye.macosdockcc.v2:fullscreen-green-probe] [fullscreen-green-probe] t=468368.827000 cache-ready pid=81876 wid=54444 button=(362.0,110.0,16.0,16.0) window=(308.0,102.0,603.0,505.0)
2026-08-08 23:36:26.350 Df macos-dock-cc-v2[64935:10e2850] [com.caye.macosdockcc.v2:fullscreen-green-probe] [fullscreen-green-probe] t=468369.354455 space-notification
2026-08-08 23:36:28.617 Df macos-dock-cc-v2[64935:10e2850] [com.caye.macosdockcc.v2:fullscreen-green-probe] [fullscreen-green-probe] t=468371.622284 mouse-down point=(923.8,969.2) flipped=(923.8,470.8) flags=0x0 under=0 cachedWid=54444 button=(362.0,110.0,16.0,16.0) age=0.042 active=1 fullscreen=0 exact=0 flippedHit=0 expanded=0 windowMatch=0 screenMatch=1 verdict=outside-button
2026-08-08 23:36:29.125 Df macos-dock-cc-v2[64935:10e2850] [com.caye.macosdockcc.v2:fullscreen-green-probe] [fullscreen-green-probe] t=468372.130286 mouse-down point=(899.1,976.5) flipped=(899.1,463.5) flags=0x0 under=0 verdict=no-cache
2026-08-08 23:36:31.718 Df macos-dock-cc-v2[64935:10e2850] [com.caye.macosdockcc.v2:fullscreen-green-probe] [fullscreen-green-probe] t=468374.722778 mouse-down point=(972.8,1267.7) flipped=(972.8,172.3) flags=0x0 under=0 verdict=no-cache
2026-08-08 23:36:32.770 Df macos-dock-cc-v2[64935:10e2850] [com.caye.macosdockcc.v2:fullscreen-green-probe] [fullscreen-green-probe] t=468375.774744 mouse-down point=(885.4,1263.7) flipped=(885.4,176.3) flags=0x0 under=0 verdict=no-cache
2026-08-08 23:36:35.287 Df macos-dock-cc-v2[64935:10e2850] [com.caye.macosdockcc.v2:fullscreen-green-probe] [fullscreen-green-probe] t=468378.291366 mouse-down point=(1553.6,1314.6) flipped=(1553.6,125.4) flags=0x0 under=0 verdict=no-cache
2026-08-08 23:36:38.487 Df macos-dock-cc-v2[64935:10e2850] [com.caye.macosdockcc.v2:fullscreen-green-probe] [fullscreen-green-probe] t=468381.491845 mouse-down point=(1172.1,1258.7) flipped=(1172.1,181.3) flags=0x0 under=0 verdict=no-cache
2026-08-08 23:36:39.923 Df macos-dock-cc-v2[64935:10e2850] [com.caye.macosdockcc.v2:fullscreen-green-probe] [fullscreen-green-probe] t=468382.927501 mouse-down point=(445.9,826.6) flipped=(445.9,613.4) flags=0x0 under=0 verdict=no-cache
2026-08-08 23:36:41.174 Df macos-dock-cc-v2[64935:10e2850] [com.caye.macosdockcc.v2:fullscreen-green-probe] [fullscreen-green-probe] t=468384.178711 mouse-down point=(655.9,321.4) flipped=(655.9,1118.6) flags=0x0 under=0 verdict=no-cache
2026-08-08 23:36:41.826 Df macos-dock-cc-v2[64935:10e2850] [com.caye.macosdockcc.v2:fullscreen-green-probe] [fullscreen-green-probe] t=468384.831210 mouse-down point=(918.1,316.6) flipped=(918.1,1123.4) flags=0x0 under=0 verdict=no-cache
2026-08-08 23:36:42.670 Df macos-dock-cc-v2[64935:10e2850] [com.caye.macosdockcc.v2:fullscreen-green-probe] [fullscreen-green-probe] t=468385.674357 mouse-down point=(1651.8,322.7) flipped=(1651.8,1117.3) flags=0x0 under=0 verdict=no-cache
2026-08-08 23:36:43.557 Df macos-dock-cc-v2[64935:10e2850] [com.caye.macosdockcc.v2:fullscreen-green-probe] [fullscreen-green-probe] t=468386.562316 mouse-down point=(2005.5,323.3) flipped=(2005.5,1116.7) flags=0x0 under=0 verdict=no-cache
2026-08-08 23:36:45.928 Df macos-dock-cc-v2[64935:10e2850] [com.caye.macosdockcc.v2:fullscreen-green-probe] [fullscreen-green-probe] t=468388.932875 mouse-down point=(1344.1,314.3) flipped=(1344.1,1125.7) flags=0x0 under=0 verdict=no-cache
