Filtering the log data using "process == "macos-dock-cc-v2" AND category == "fullscreen-intent-spike""
Timestamp               Ty Process[PID:TID]
2026-08-08 23:10:01.812 Df macos-dock-cc-v2[49018:10d0860] [com.caye.macosdockcc.v2:fullscreen-intent-spike] [fullscreen-intent-spike] t=466784.816475 cache-update sampledAt=466784.816363 pid=81876 wid=54444 fullscreen=0 button=(362.0,110.0,16.0,16.0)
2026-08-08 23:10:02.812 Df macos-dock-cc-v2[49018:10d0860] [com.caye.macosdockcc.v2:fullscreen-intent-spike] [fullscreen-intent-spike] t=466785.817080 cache-update sampledAt=466785.816867 pid=81876 wid=54444 fullscreen=0 button=(362.0,110.0,16.0,16.0)
2026-08-08 23:10:03.229 Df macos-dock-cc-v2[49018:10d0860] [com.caye.macosdockcc.v2:fullscreen-intent-spike] [fullscreen-intent-spike] t=466786.234254 cache-update sampledAt=466786.216362 pid=81876 wid=54444 fullscreen=1 button=(54.0,-24.0,16.0,16.0)
2026-08-08 23:10:04.213 Df macos-dock-cc-v2[49018:10d0860] [com.caye.macosdockcc.v2:fullscreen-intent-spike] [fullscreen-intent-spike] t=466787.217409 cache-update sampledAt=466787.217167 pid=81876 wid=54444 fullscreen=1 button=(54.0,-24.0,16.0,16.0)
2026-08-08 23:10:05.299 Df macos-dock-cc-v2[49018:10d0860] [com.caye.macosdockcc.v2:fullscreen-intent-spike] [fullscreen-intent-spike] t=466788.303355 cache-update sampledAt=466788.282142 pid=81876 wid=54444 fullscreen=0 button=(362.0,110.0,16.0,16.0)
2026-08-08 23:10:06.313 Df macos-dock-cc-v2[49018:10d0860] [com.caye.macosdockcc.v2:fullscreen-intent-spike] [fullscreen-intent-spike] t=466789.318116 cache-update sampledAt=466789.317810 pid=81876 wid=54444 fullscreen=0 button=(362.0,110.0,16.0,16.0)
2026-08-08 23:10:07.734 Df macos-dock-cc-v2[49018:10d0860] [com.caye.macosdockcc.v2:fullscreen-intent-spike] [fullscreen-intent-spike] t=466790.739229 cache-update sampledAt=466790.714838 pid=81876 wid=54444 fullscreen=1 button=(54.0,-24.0,16.0,16.0)
2026-08-08 23:10:08.713 Df macos-dock-cc-v2[49018:10d0860] [com.caye.macosdockcc.v2:fullscreen-intent-spike] [fullscreen-intent-spike] t=466791.717366 cache-update sampledAt=466791.717054 pid=81876 wid=54444 fullscreen=1 button=(54.0,-24.0,16.0,16.0)
2026-08-08 23:10:08.923 Df macos-dock-cc-v2[49018:10d0860] [com.caye.macosdockcc.v2:fullscreen-intent-spike] [fullscreen-intent-spike] t=466791.928241 cache-update sampledAt=466791.927546 pid=81876 wid=54444 fullscreen=0 button=(362.0,110.0,16.0,16.0)
2026-08-08 23:10:09.961 Df macos-dock-cc-v2[49018:10d0860] [com.caye.macosdockcc.v2:fullscreen-intent-spike] [fullscreen-intent-spike] t=466792.965596 cache-update sampledAt=466792.932867 pid=81876 wid=54444 fullscreen=0 button=(362.0,110.0,16.0,16.0)
2026-08-08 23:10:10.207 Df macos-dock-cc-v2[49018:10d0860] [com.caye.macosdockcc.v2:fullscreen-intent-spike] [fullscreen-intent-spike] t=466793.212134 cache-update sampledAt=466793.196664 pid=81876 wid=54444 fullscreen=1 button=(54.0,-24.0,16.0,16.0)
2026-08-08 23:10:11.213 Df macos-dock-cc-v2[49018:10d0860] [com.caye.macosdockcc.v2:fullscreen-intent-spike] [fullscreen-intent-spike] t=466794.217464 cache-update sampledAt=466794.217186 pid=81876 wid=54444 fullscreen=1 button=(54.0,-24.0,16.0,16.0)
2026-08-08 23:10:11.399 Df macos-dock-cc-v2[49018:10d0860] [com.caye.macosdockcc.v2:fullscreen-intent-spike] [fullscreen-intent-spike] t=466794.403566 cache-update sampledAt=466794.385180 pid=81876 wid=54444 fullscreen=0 button=(362.0,110.0,16.0,16.0)
2026-08-08 23:10:12.702 Df macos-dock-cc-v2[49018:10d0860] [com.caye.macosdockcc.v2:fullscreen-intent-spike] [fullscreen-intent-spike] t=466795.707289 cache-update sampledAt=466795.659988 pid=81876 wid=54444 fullscreen=1 button=(54.0,-24.0,16.0,16.0)
2026-08-08 23:10:13.733 Df macos-dock-cc-v2[49018:10d0860] [com.caye.macosdockcc.v2:fullscreen-intent-spike] [fullscreen-intent-spike] t=466796.738104 cache-update sampledAt=466796.717954 pid=81876 wid=54444 fullscreen=0 button=(362.0,110.0,16.0,16.0)
2026-08-08 23:10:14.812 Df macos-dock-cc-v2[49018:10d0860] [com.caye.macosdockcc.v2:fullscreen-intent-spike] [fullscreen-intent-spike] t=466797.817259 cache-update sampledAt=466797.817003 pid=81876 wid=54444 fullscreen=0 button=(362.0,110.0,16.0,16.0)
2026-08-08 23:10:14.880 Df macos-dock-cc-v2[49018:10d0860] [com.caye.macosdockcc.v2:fullscreen-intent-spike] [fullscreen-intent-spike] t=466797.884726 input-hit pid=81876 wid=54444
2026-08-08 23:10:15.082 Df macos-dock-cc-v2[49018:10d0860] [com.caye.macosdockcc.v2:fullscreen-intent-spike] [fullscreen-intent-spike] t=466798.087015 cache-update sampledAt=466798.060253 pid=81876 wid=54444 fullscreen=1 button=(54.0,-24.0,16.0,16.0)
2026-08-08 23:10:16.113 Df macos-dock-cc-v2[49018:10d0860] [com.caye.macosdockcc.v2:fullscreen-intent-spike] [fullscreen-intent-spike] t=466799.117540 cache-update sampledAt=466799.117281 pid=81876 wid=54444 fullscreen=1 button=(54.0,-24.0,16.0,16.0)
2026-08-08 23:10:16.369 Df macos-dock-cc-v2[49018:10d0860] [com.caye.macosdockcc.v2:fullscreen-intent-spike] [fullscreen-intent-spike] t=466799.373750 cache-update sampledAt=466799.356576 pid=81876 wid=54444 fullscreen=0 button=(362.0,110.0,16.0,16.0)
2026-08-08 23:10:17.518 Df macos-dock-cc-v2[49018:10d0860] [com.caye.macosdockcc.v2:fullscreen-intent-spike] [fullscreen-intent-spike] t=466800.523002 input-hit pid=81876 wid=54444
2026-08-08 23:10:17.544 Df macos-dock-cc-v2[49018:10d0860] [com.caye.macosdockcc.v2:fullscreen-intent-spike] [fullscreen-intent-spike] t=466800.548370 cache-update sampledAt=466800.508433 pid=81876 wid=54444 fullscreen=0 button=(362.0,110.0,16.0,16.0)
2026-08-08 23:10:17.751 Df macos-dock-cc-v2[49018:10d0860] [com.caye.macosdockcc.v2:fullscreen-intent-spike] [fullscreen-intent-spike] t=466800.756145 cache-update unavailable
2026-08-08 23:10:17.775 Df macos-dock-cc-v2[49018:10d0860] [com.caye.macosdockcc.v2:fullscreen-intent-spike] [fullscreen-intent-spike] t=466800.780197 cache-update sampledAt=466800.759458 pid=81876 wid=54444 fullscreen=1 button=(54.0,-24.0,16.0,16.0)
2026-08-08 23:10:18.813 Df macos-dock-cc-v2[49018:10d0860] [com.caye.macosdockcc.v2:fullscreen-intent-spike] [fullscreen-intent-spike] t=466801.817514 cache-update sampledAt=466801.817297 pid=81876 wid=54444 fullscreen=1 button=(54.0,-24.0,16.0,16.0)
2026-08-08 23:10:19.236 Df macos-dock-cc-v2[49018:10d0860] [com.caye.macosdockcc.v2:fullscreen-intent-spike] [fullscreen-intent-spike] t=466802.240381 cache-update sampledAt=466802.222980 pid=81876 wid=54444 fullscreen=0 button=(362.0,110.0,16.0,16.0)
2026-08-08 23:10:20.312 Df macos-dock-cc-v2[49018:10d0860] [com.caye.macosdockcc.v2:fullscreen-intent-spike] [fullscreen-intent-spike] t=466803.316456 cache-update sampledAt=466803.316245 pid=81876 wid=54444 fullscreen=0 button=(362.0,110.0,16.0,16.0)
2026-08-08 23:10:20.464 Df macos-dock-cc-v2[49018:10d0860] [com.caye.macosdockcc.v2:fullscreen-intent-spike] [fullscreen-intent-spike] t=466803.468595 input-hit pid=81876 wid=54444
2026-08-08 23:10:20.588 Df macos-dock-cc-v2[49018:10d0860] [com.caye.macosdockcc.v2:fullscreen-intent-spike] [fullscreen-intent-spike] t=466803.592512 cache-update sampledAt=466803.581127 pid=81876 wid=54444 fullscreen=1 button=(54.0,-24.0,16.0,16.0)
2026-08-08 23:10:21.613 Df macos-dock-cc-v2[49018:10d0860] [com.caye.macosdockcc.v2:fullscreen-intent-spike] [fullscreen-intent-spike] t=466804.617336 cache-update sampledAt=466804.617086 pid=81876 wid=54444 fullscreen=1 button=(54.0,-24.0,16.0,16.0)
2026-08-08 23:10:22.375 Df macos-dock-cc-v2[49018:10d0860] [com.caye.macosdockcc.v2:fullscreen-intent-spike] [fullscreen-intent-spike] t=466805.380018 cache-update sampledAt=466805.361791 pid=81876 wid=54444 fullscreen=0 button=(362.0,110.0,16.0,16.0)
2026-08-08 23:10:23.432 Df macos-dock-cc-v2[49018:10d0860] [com.caye.macosdockcc.v2:fullscreen-intent-spike] [fullscreen-intent-spike] t=466806.437017 cache-update sampledAt=466806.436821 pid=81876 wid=54444 fullscreen=0 button=(362.0,110.0,16.0,16.0)
2026-08-08 23:10:23.716 Df macos-dock-cc-v2[49018:10d0860] [com.caye.macosdockcc.v2:fullscreen-intent-spike] [fullscreen-intent-spike] t=466806.720939 input-hit pid=81876 wid=54444
2026-08-08 23:10:23.860 Df macos-dock-cc-v2[49018:10d0860] [com.caye.macosdockcc.v2:fullscreen-intent-spike] [fullscreen-intent-spike] t=466806.864975 cache-update sampledAt=466806.847366 pid=81876 wid=54444 fullscreen=1 button=(54.0,-24.0,16.0,16.0)
2026-08-08 23:10:24.926 Df macos-dock-cc-v2[49018:10d0860] [com.caye.macosdockcc.v2:fullscreen-intent-spike] [fullscreen-intent-spike] t=466807.930752 cache-update sampledAt=466807.930477 pid=81876 wid=54444 fullscreen=1 button=(54.0,-24.0,16.0,16.0)
2026-08-08 23:10:25.574 Df macos-dock-cc-v2[49018:10d0860] [com.caye.macosdockcc.v2:fullscreen-intent-spike] [fullscreen-intent-spike] t=466808.578650 cache-update sampledAt=466808.560346 pid=81876 wid=54444 fullscreen=0 button=(362.0,110.0,16.0,16.0)
2026-08-08 23:10:26.612 Df macos-dock-cc-v2[49018:10d0860] [com.caye.macosdockcc.v2:fullscreen-intent-spike] [fullscreen-intent-spike] t=466809.616758 cache-update sampledAt=466809.616544 pid=81876 wid=54444 fullscreen=0 button=(362.0,110.0,16.0,16.0)
2026-08-08 23:10:27.612 Df macos-dock-cc-v2[49018:10d0860] [com.caye.macosdockcc.v2:fullscreen-intent-spike] [fullscreen-intent-spike] t=466810.617058 cache-update sampledAt=466810.616809 pid=81876 wid=54444 fullscreen=0 button=(362.0,110.0,16.0,16.0)
2026-08-08 23:10:28.612 Df macos-dock-cc-v2[49018:10d0860] [com.caye.macosdockcc.v2:fullscreen-intent-spike] [fullscreen-intent-spike] t=466811.617076 cache-update sampledAt=466811.616827 pid=81876 wid=54444 fullscreen=0 button=(362.0,110.0,16.0,16.0)
2026-08-08 23:10:29.712 Df macos-dock-cc-v2[49018:10d0860] [com.caye.macosdockcc.v2:fullscreen-intent-spike] [fullscreen-intent-spike] t=466812.716464 cache-update sampledAt=466812.716286 pid=81876 wid=54444 fullscreen=0 button=(362.0,110.0,16.0,16.0)
2026-08-08 23:10:30.111 Df macos-dock-cc-v2[49018:10d0860] [com.caye.macosdockcc.v2:fullscreen-intent-spike] [fullscreen-intent-spike] t=466813.115765 cache-cleared
