t=807894228.979894 tungsten=[58625, 58626] target=["54444@L0@on1@308,102,603x505"]
t=807894455.453817 tungsten=[58625, 58626, 58630] target=["54444@L0@on1@308,102,603x505"]
t=807894456.758746 tungsten=[58625, 58626, 58630, 58631] target=["54444@L0@on1@308,102,603x505"]
t=807894458.019567 tungsten=[58625, 58626, 58630] target=["54444@L0@on1@308,102,603x505"]
t=807894458.218842 tungsten=[58625, 58626] target=["54444@L0@on1@308,102,603x505"]
t=807894462.037402 tungsten=[58625, 58626] target=["58635@L0@on1@0,0,2560x1440"]
t=807894462.570881 tungsten=[58625, 58626] target=["54444@L0@on1@0,0,2560x1440", "58636@L0@on1@0,0,2560x68"]
t=807894462.815446 tungsten=[] target=["54444@L0@on1@0,0,2560x1440", "58636@L0@on1@0,0,2560x68"]
t=807894464.727525 tungsten=[] target=["58677@L0@on1@0,0,2560x1440"]
t=807894465.321889 tungsten=[] target=["54444@L0@on1@308,102,603x505"]
t=807894465.349740 tungsten=[58625, 58626] target=["54444@L0@on1@308,102,603x505"]
t=807894466.591213 tungsten=[58625, 58626] target=["58696@L0@on1@0,0,2560x1440"]
t=807894467.189830 tungsten=[58625, 58626] target=["54444@L0@on1@0,0,2560x1440", "58697@L0@on1@0,0,2560x68"]
t=807894467.432251 tungsten=[] target=["54444@L0@on1@0,0,2560x1440", "58697@L0@on1@0,0,2560x68"]
t=807894468.082810 tungsten=[] target=["58738@L0@on1@0,0,2560x1440"]
t=807894468.682645 tungsten=[] target=["54444@L0@on1@308,102,603x505"]
t=807894468.701374 tungsten=[58625, 58626] target=["54444@L0@on1@308,102,603x505"]
t=807894469.616325 tungsten=[58625, 58626] target=["58775@L0@on1@0,0,2560x1440"]
t=807894470.186076 tungsten=[58625, 58626] target=["54444@L0@on1@0,0,2560x1440", "58776@L0@on1@0,0,2560x68"]
t=807894470.432400 tungsten=[] target=["54444@L0@on1@0,0,2560x1440", "58776@L0@on1@0,0,2560x68"]
t=807894470.621616 tungsten=[] target=["58799@L0@on1@0,0,2560x1440"]
t=807894471.162928 tungsten=[] target=["54444@L0@on1@308,102,603x505"]
t=807894471.172142 tungsten=[58625, 58626] target=["54444@L0@on1@308,102,603x505"]
t=807894472.056322 tungsten=[58625, 58626] target=["58836@L0@on1@0,0,2560x1440"]
t=807894472.625125 tungsten=[58625, 58626] target=["54444@L0@on1@0,0,2560x1440", "58837@L0@on1@0,0,2560x68"]
t=807894472.834625 tungsten=[] target=["54444@L0@on1@0,0,2560x1440", "58837@L0@on1@0,0,2560x68"]
t=807894473.337775 tungsten=[] target=["58878@L0@on1@0,0,2560x1440"]
t=807894473.907606 tungsten=[] target=["54444@L0@on1@308,102,603x505"]
t=807894474.024569 tungsten=[58625, 58626] target=["54444@L0@on1@308,102,603x505"]
t=807894474.576791 tungsten=[58625, 58626] target=["58915@L0@on1@0,0,2560x1440"]
t=807894475.146280 tungsten=[58625, 58626] target=["54444@L0@on1@0,0,2560x1440", "58916@L0@on1@0,0,2560x68"]
t=807894475.387095 tungsten=[] target=["54444@L0@on1@0,0,2560x1440", "58916@L0@on1@0,0,2560x68"]
t=807894475.483734 tungsten=[] target=["58957@L0@on1@0,0,2560x1440"]
t=807894476.025657 tungsten=[58625, 58626] target=["54444@L0@on1@308,102,603x505"]
t=807894476.290081 tungsten=[58625, 58626] target=["58994@L0@on1@0,0,2560x1440"]
t=807894476.875924 tungsten=[58625, 58626] target=["54444@L0@on1@0,0,2560x1440", "58995@L0@on1@0,0,2560x68"]
t=807894477.118410 tungsten=[58625, 58626] target=["59018@L0@on1@0,0,2560x1440"]
t=807894477.155165 tungsten=[] target=["59018@L0@on1@0,0,2560x1440"]
t=807894477.691923 tungsten=[] target=["54444@L0@on1@308,102,603x505"]
t=807894477.809042 tungsten=[] target=["59038@L0@on1@0,0,2560x1440"]
t=807894478.383825 tungsten=[] target=["54444@L0@on1@0,0,2560x1440", "59041@L0@on1@0,0,2560x68"]
t=807894479.243483 tungsten=[] target=["59097@L0@on1@0,0,2560x1440"]
t=807894479.831951 tungsten=[] target=["54444@L0@on1@308,102,603x505"]
t=807894479.839497 tungsten=[58625, 58626] target=["54444@L0@on1@308,102,603x505"]
t=807894479.965876 tungsten=[58625, 58626] target=["59125@L0@on1@0,0,2560x1440"]
t=807894480.543415 tungsten=[58625, 58626] target=["54444@L0@on1@0,0,2560x1440", "59128@L0@on1@0,0,2560x68"]
t=807894480.818026 tungsten=[] target=["54444@L0@on1@0,0,2560x1440", "59128@L0@on1@0,0,2560x68"]
t=807894481.104831 tungsten=[] target=["59158@L0@on1@0,0,2560x1440"]
t=807894481.663069 tungsten=[] target=["54444@L0@on1@308,102,603x505"]
t=807894481.674239 tungsten=[58625, 58626] target=["54444@L0@on1@308,102,603x505"]
t=807894482.252457 tungsten=[58625, 58626] target=["59195@L0@on1@0,0,2560x1440"]
t=807894482.842527 tungsten=[58625, 58626] target=["54444@L0@on1@0,0,2560x1440", "59196@L0@on1@0,1,2560x68"]
t=807894482.861998 tungsten=[58625, 58626] target=["54444@L0@on1@0,0,2560x1440", "59196@L0@on1@0,0,2560x68"]
t=807894483.072082 tungsten=[] target=["54444@L0@on1@0,0,2560x1440", "59196@L0@on1@0,0,2560x68"]
t=807894483.286621 tungsten=[] target=["59221@L0@on1@0,0,2560x1440"]
t=807894483.850363 tungsten=[] target=["54444@L0@on1@308,102,603x505"]
t=807894483.860222 tungsten=[58625, 58626] target=["54444@L0@on1@308,102,603x505"]
t=807894484.316954 tungsten=[58625, 58626] target=["59258@L0@on1@0,0,2560x1440"]
t=807894484.878126 tungsten=[58625, 58626] target=["54444@L0@on1@0,0,2560x1440", "59259@L0@on1@0,2,2560x68"]
t=807894484.893773 tungsten=[58625, 58626] target=["54444@L0@on1@0,0,2560x1440", "59259@L0@on1@0,0,2560x68"]
t=807894485.109761 tungsten=[] target=["54444@L0@on1@0,0,2560x1440", "59259@L0@on1@0,0,2560x68"]
t=807894485.401327 tungsten=[] target=["59284@L0@on1@0,0,2560x1440"]
t=807894485.993125 tungsten=[58625, 58626] target=["54444@L0@on1@308,102,603x505"]
t=807894486.432850 tungsten=[58625, 58626] target=["59321@L0@on1@0,0,2560x1440"]
t=807894487.058754 tungsten=[58625, 58626] target=["54444@L0@on1@0,0,2560x1440", "59322@L0@on1@0,0,2560x68"]
t=807894487.290215 tungsten=[] target=["54444@L0@on1@0,0,2560x1440", "59322@L0@on1@0,0,2560x68"]
t=807894487.395123 tungsten=[] target=["59347@L0@on1@0,0,2560x1440"]
t=807894487.998422 tungsten=[58625, 58626] target=["54444@L0@on1@308,102,603x505"]
t=807894488.482615 tungsten=[58625, 58626] target=["59384@L0@on1@0,0,2560x1440"]
t=807894489.090873 tungsten=[58625, 58626] target=["54444@L0@on1@0,0,2560x1440", "59385@L0@on1@0,0,2560x68"]
t=807894489.340399 tungsten=[] target=["54444@L0@on1@0,0,2560x1440", "59385@L0@on1@0,0,2560x68"]
t=807894489.430757 tungsten=[] target=["59408@L0@on1@0,0,2560x1440"]
t=807894489.997531 tungsten=[] target=["54444@L0@on1@308,102,603x505"]
t=807894490.009859 tungsten=[58625, 58626] target=["54444@L0@on1@308,102,603x505"]
t=807894490.367408 tungsten=[58625, 58626] target=["59445@L0@on1@0,0,2560x1440"]
t=807894490.943300 tungsten=[58625, 58626] target=["54444@L0@on1@0,0,2560x1440", "59446@L0@on1@0,0,2560x68"]
t=807894491.292882 tungsten=[58625, 58626] target=["59469@L0@on1@0,0,2560x1440"]
t=807894491.329278 tungsten=[] target=["59469@L0@on1@0,0,2560x1440"]
t=807894491.867282 tungsten=[58625, 58626] target=["54444@L0@on1@308,102,603x505"]
t=807894492.105414 tungsten=[58625, 58626] target=["59506@L0@on1@0,0,2560x1440"]
t=807894492.680901 tungsten=[58625, 58626] target=["54444@L0@on1@0,0,2560x1440", "59507@L0@on1@0,0,2560x68"]
t=807894492.900749 tungsten=[] target=["54444@L0@on1@0,0,2560x1440", "59507@L0@on1@0,0,2560x68"]
t=807894493.111219 tungsten=[] target=["59548@L0@on1@0,0,2560x1440"]
t=807894493.658533 tungsten=[] target=["54444@L0@on1@308,102,603x505"]
t=807894493.680575 tungsten=[58625, 58626] target=["54444@L0@on1@308,102,603x505"]
