[fullscreen-transition] t=807846837.289181 pid=53595 app registered focused=0 main=0 created=0
[fullscreen-transition] t=807846837.293092 pid=53595 window registered moved=-25207 resized=-25207 destroyed=-25207
[fullscreen-transition] t=807846837.293333 pid=53595 geometry fullscreen=false role=AXScrollArea subrole=nil frame=Optional((0.0, 0.0, 1512.0, 982.0))
[fullscreen-transition] t=807846837.590837 pid=36781 app registered focused=0 main=0 created=0
[fullscreen-transition] t=807846837.591026 pid=36781 window registered moved=0 resized=0 destroyed=0
[fullscreen-transition] t=807846837.591152 pid=36781 geometry fullscreen=false role=AXWindow subrole=AXStandardWindow frame=Optional((152.0, 73.0, 673.0, 439.0))
[fullscreen-transition] t=807846837.614094 coordinator apply from=false to=false
[fullscreen-transition] t=807846849.361860 pid=36781 app event=AXWindowCreated
[fullscreen-transition] t=807846849.393953 pid=36781 geometry fullscreen=false role=AXWindow subrole=AXUnknown frame=Optional((0.0, 0.0, 1512.0, 982.0))
[fullscreen-transition] t=807846849.430766 pid=36781 geometry fullscreen=true role=AXWindow subrole=AXStandardWindow frame=Optional((0.0, 33.0, 1512.0, 949.0))
[fullscreen-transition] t=807846849.430840 pid=36781 app event=AXWindowCreated
[fullscreen-transition] t=807846849.430950 pid=36781 geometry fullscreen=false role=AXWindow subrole=AXUnknown frame=Optional((0.0, 0.0, 1512.0, 33.0))
[fullscreen-transition] t=807846849.431216 pid=36781 window registered moved=0 resized=0 destroyed=0
[fullscreen-transition] t=807846849.431346 pid=36781 geometry fullscreen=true role=AXWindow subrole=AXStandardWindow frame=Optional((0.0, 33.0, 1512.0, 949.0))
[fullscreen-transition] t=807846849.439945 coordinator early accepted=true signalGeneration=2 currentGeneration=2 signalPID=36781 currentPID=36781 alreadyFullscreen=false screenMatch=true
[fullscreen-transition] t=807846849.440037 coordinator apply from=false to=true
[fullscreen-transition] t=807846849.455080 coordinator early accepted=false signalGeneration=2 currentGeneration=2 signalPID=36781 currentPID=36781 alreadyFullscreen=true screenMatch=true
[fullscreen-transition] t=807846849.898215 coordinator apply from=true to=true
[fullscreen-transition] t=807846849.921496 coordinator apply from=true to=true
[fullscreen-transition] t=807846852.319471 coordinator apply from=true to=true
[fullscreen-transition] t=807846857.330187 coordinator apply from=true to=true
[fullscreen-transition] t=807846862.360779 coordinator apply from=true to=true
[fullscreen-transition] t=807846867.318429 coordinator apply from=true to=true
[fullscreen-transition] t=807846872.358135 coordinator apply from=true to=true
[fullscreen-transition] t=807846877.317118 coordinator apply from=true to=true
[fullscreen-transition] t=807846882.359558 coordinator apply from=true to=true
[fullscreen-transition] t=807846887.357221 coordinator apply from=true to=true
[fullscreen-transition] t=807846892.316872 coordinator apply from=true to=true
[fullscreen-transition] t=807846897.357064 coordinator apply from=true to=true
[fullscreen-transition] t=807846902.357869 coordinator apply from=true to=true
[fullscreen-transition] t=807846907.357654 coordinator apply from=true to=true
[fullscreen-transition] t=807846912.318726 coordinator apply from=true to=true
[fullscreen-transition] t=807846917.312929 coordinator apply from=true to=true
[fullscreen-transition] t=807846922.356383 coordinator apply from=true to=true
[fullscreen-transition] t=807846927.353968 coordinator apply from=true to=true
[fullscreen-transition] t=807846932.357992 coordinator apply from=true to=true
[fullscreen-transition] t=807846937.358044 coordinator apply from=true to=true
[fullscreen-transition] t=807846942.358462 coordinator apply from=true to=true
[fullscreen-transition] t=807846947.356678 coordinator apply from=true to=true
[fullscreen-transition] t=807846952.359353 coordinator apply from=true to=true
[fullscreen-transition] t=807846957.357006 coordinator apply from=true to=true
[fullscreen-transition] t=807846962.313553 coordinator apply from=true to=true
[fullscreen-transition] t=807846967.356277 coordinator apply from=true to=true
[fullscreen-transition] t=807846972.353634 coordinator apply from=true to=true
[fullscreen-transition] t=807846977.356494 coordinator apply from=true to=true
[fullscreen-transition] t=807846982.358721 coordinator apply from=true to=true
[fullscreen-transition] t=807846987.354949 coordinator apply from=true to=true
[fullscreen-transition] t=807846992.355989 coordinator apply from=true to=true
[fullscreen-transition] t=807846997.355719 coordinator apply from=true to=true
[fullscreen-transition] t=807847002.318306 coordinator apply from=true to=true
[fullscreen-transition] t=807847007.355245 coordinator apply from=true to=true
[fullscreen-transition] t=807847012.306201 coordinator apply from=true to=true
[fullscreen-transition] t=807847017.353769 coordinator apply from=true to=true
[fullscreen-transition] t=807847022.354516 coordinator apply from=true to=true
[fullscreen-transition] t=807847027.355792 coordinator apply from=true to=true
[fullscreen-transition] t=807847032.317385 coordinator apply from=true to=true
[fullscreen-transition] t=807847037.354845 coordinator apply from=true to=true
[fullscreen-transition] t=807847042.355202 coordinator apply from=true to=true
[fullscreen-transition] t=807847047.315559 coordinator apply from=true to=true
[fullscreen-transition] t=807847052.356692 coordinator apply from=true to=true
[fullscreen-transition] t=807847057.354964 coordinator apply from=true to=true
[fullscreen-transition] t=807847062.310579 coordinator apply from=true to=true
[fullscreen-transition] t=807847067.355920 coordinator apply from=true to=true
[fullscreen-transition] t=807847072.314776 coordinator apply from=true to=true
[fullscreen-transition] t=807847077.357156 coordinator apply from=true to=true
[fullscreen-transition] t=807847082.338201 coordinator apply from=true to=true
[fullscreen-transition] t=807847087.359814 coordinator apply from=true to=true
[fullscreen-transition] t=807847092.324472 coordinator apply from=true to=true
[fullscreen-transition] t=807847097.355660 coordinator apply from=true to=true
[fullscreen-transition] t=807847102.357203 coordinator apply from=true to=true
[fullscreen-transition] t=807847107.357762 coordinator apply from=true to=true
[fullscreen-transition] t=807847112.356385 coordinator apply from=true to=true
[fullscreen-transition] t=807847117.354435 coordinator apply from=true to=true
[fullscreen-transition] t=807847122.356690 coordinator apply from=true to=true
[fullscreen-transition] t=807847127.355879 coordinator apply from=true to=true
[fullscreen-transition] t=807847132.345842 coordinator apply from=true to=true
[fullscreen-transition] t=807847137.354843 coordinator apply from=true to=true
[fullscreen-transition] t=807847142.356655 coordinator apply from=true to=true
[fullscreen-transition] t=807847147.314701 coordinator apply from=true to=true
[fullscreen-transition] t=807847152.324529 coordinator apply from=true to=true
[fullscreen-transition] t=807847157.323437 coordinator apply from=true to=true
[fullscreen-transition] t=807847162.356769 coordinator apply from=true to=true
[fullscreen-transition] t=807847167.351499 coordinator apply from=true to=true
[fullscreen-transition] t=807847172.355394 coordinator apply from=true to=true
[fullscreen-transition] t=807847177.354842 coordinator apply from=true to=true
[fullscreen-transition] t=807847182.332108 coordinator apply from=true to=true
[fullscreen-transition] t=807847187.359268 coordinator apply from=true to=true
[fullscreen-transition] t=807847192.345122 coordinator apply from=true to=true
[fullscreen-transition] t=807847197.347988 coordinator apply from=true to=true
[fullscreen-transition] t=807847202.357891 coordinator apply from=true to=true
[fullscreen-transition] t=807847207.357719 coordinator apply from=true to=true
[fullscreen-transition] t=807847212.334347 coordinator apply from=true to=true
[fullscreen-transition] t=807847217.355229 coordinator apply from=true to=true
[fullscreen-transition] t=807847222.354679 coordinator apply from=true to=true
[fullscreen-transition] t=807847227.314981 coordinator apply from=true to=true
[fullscreen-transition] t=807847232.355895 coordinator apply from=true to=true
[fullscreen-transition] t=807847237.353931 coordinator apply from=true to=true
[fullscreen-transition] t=807847242.356698 coordinator apply from=true to=true
[fullscreen-transition] t=807847247.312173 coordinator apply from=true to=true
[fullscreen-transition] t=807847252.325124 coordinator apply from=true to=true
[fullscreen-transition] t=807847257.355580 coordinator apply from=true to=true
[fullscreen-transition] t=807847262.354236 coordinator apply from=true to=true
[fullscreen-transition] t=807847267.354480 coordinator apply from=true to=true
[fullscreen-transition] t=807847272.311362 coordinator apply from=true to=true
[fullscreen-transition] t=807847277.327453 coordinator apply from=true to=true
[fullscreen-transition] t=807847282.313715 coordinator apply from=true to=true
[fullscreen-transition] t=807847287.352788 coordinator apply from=true to=true
[fullscreen-transition] t=807847292.358222 coordinator apply from=true to=true
[fullscreen-transition] t=807847297.354637 coordinator apply from=true to=true
[fullscreen-transition] t=807847302.323098 coordinator apply from=true to=true
[fullscreen-transition] t=807847307.355126 coordinator apply from=true to=true
[fullscreen-transition] t=807847312.350960 coordinator apply from=true to=true
[fullscreen-transition] t=807847317.356837 coordinator apply from=true to=true
[fullscreen-transition] t=807847322.354812 coordinator apply from=true to=true
[fullscreen-transition] t=807847327.308989 coordinator apply from=true to=true
[fullscreen-transition] t=807847332.321844 coordinator apply from=true to=true
[fullscreen-transition] t=807847337.357609 coordinator apply from=true to=true
[fullscreen-transition] t=807847342.357997 coordinator apply from=true to=true
[fullscreen-transition] t=807847347.321772 coordinator apply from=true to=true
[fullscreen-transition] t=807847352.351853 coordinator apply from=true to=true
